[debug] [2026-09-14T12:26:33.306Z] ----------------------------------------------------------------------
[debug] [2026-09-14T12:26:33.311Z] Command:       C:\Program Files\nodejs\node.exe C:\Users\Adetya\AppData\Roaming\npm\node_modules\firebase-tools\lib\bin\firebase.js deploy
[debug] [2026-09-14T12:26:33.311Z] CLI Version:   15.30.0
[debug] [2026-09-14T12:26:33.312Z] Platform:      win32
[debug] [2026-09-14T12:26:33.312Z] Node Version:  v24.20.0
[debug] [2026-09-14T12:26:33.312Z] Detected Agent: unknown
[debug] [2026-09-14T12:26:33.312Z] Time:          Mon Sep 14 2026 17:56:33 GMT+0530 (India Standard Time)
[debug] [2026-09-14T12:26:33.312Z] ----------------------------------------------------------------------
[debug] 
[debug] [2026-09-14T12:26:33.330Z] >>> [apiv2][query] GET https://firebase-public.firebaseio.com/cli.json [none]
[debug] [2026-09-14T12:27:10.521Z] > command requires scopes: ["email","openid","https://www.googleapis.com/auth/cloudplatformprojects.readonly","https://www.googleapis.com/auth/firebase","https://www.googleapis.com/auth/cloud-platform"]
[debug] [2026-09-14T12:27:10.521Z] > authorizing via signed-in user (adetyajamwal.18@gmail.com)
[debug] [2026-09-14T12:27:10.522Z] [iam] checking project anveshaka-508520 for permissions ["firebase.projects.get"]
[debug] [2026-09-14T12:27:10.523Z] Checked if tokens are valid: false, expires at: 1789335774211
[debug] [2026-09-14T12:27:10.523Z] Checked if tokens are valid: false, expires at: 1789335774211
[debug] [2026-09-14T12:27:10.524Z] > refreshing access token with scopes: []
[debug] [2026-09-14T12:27:10.525Z] >>> [apiv2][query] POST https://www.googleapis.com/oauth2/v3/token [none]
[debug] [2026-09-14T12:27:10.525Z] >>> [apiv2][body] POST https://www.googleapis.com/oauth2/v3/token [omitted]
[debug] [2026-09-14T12:27:10.755Z] <<< [apiv2][status] POST https://www.googleapis.com/oauth2/v3/token 200
[debug] [2026-09-14T12:27:10.755Z] <<< [apiv2][body] POST https://www.googleapis.com/oauth2/v3/token [omitted]
[debug] [2026-09-14T12:27:10.773Z] >>> [apiv2][query] POST https://cloudresourcemanager.googleapis.com/v1/projects/anveshaka-508520:testIamPermissions [none]
[debug] [2026-09-14T12:27:10.774Z] >>> [apiv2][(partial)header] POST https://cloudresourcemanager.googleapis.com/v1/projects/anveshaka-508520:testIamPermissions  x-goog-user-project=anveshaka-508520
[debug] [2026-09-14T12:27:10.774Z] >>> [apiv2][body] POST https://cloudresourcemanager.googleapis.com/v1/projects/anveshaka-508520:testIamPermissions {"permissions":["firebase.projects.get"]}
[debug] [2026-09-14T12:27:11.315Z] <<< [apiv2][status] GET https://firebase-public.firebaseio.com/cli.json 200
[debug] [2026-09-14T12:27:11.315Z] <<< [apiv2][body] GET https://firebase-public.firebaseio.com/cli.json {"cloudBuildErrorAfter":1594252800000,"cloudBuildWarnAfter":1590019200000,"defaultNode10After":1594252800000,"minVersion":"3.0.5","node8DeploysDisabledAfter":1613390400000,"node8RuntimeDisabledAfter":1615809600000,"node8WarnAfter":1600128000000}
[debug] [2026-09-14T12:27:12.243Z] <<< [apiv2][status] POST https://cloudresourcemanager.googleapis.com/v1/projects/anveshaka-508520:testIamPermissions 200
[debug] [2026-09-14T12:27:12.243Z] <<< [apiv2][body] POST https://cloudresourcemanager.googleapis.com/v1/projects/anveshaka-508520:testIamPermissions {"permissions":["firebase.projects.get"]}
[info] 
[info] === Deploying to 'anveshaka-508520'...
[info] 
[info] i  deploying apphosting 
[debug] [2026-09-14T12:27:12.259Z] Checked if tokens are valid: true, expires at: 1789392429755
[debug] [2026-09-14T12:27:12.259Z] Checked if tokens are valid: true, expires at: 1789392429755
[debug] [2026-09-14T12:27:12.259Z] >>> [apiv2][query] POST https://iam.googleapis.com/v1/projects/anveshaka-508520/serviceAccounts/firebase-app-hosting-compute@anveshaka-508520.iam.gserviceaccount.com:testIamPermissions [none]
[debug] [2026-09-14T12:27:12.260Z] >>> [apiv2][(partial)header] POST https://iam.googleapis.com/v1/projects/anveshaka-508520/serviceAccounts/firebase-app-hosting-compute@anveshaka-508520.iam.gserviceaccount.com:testIamPermissions  x-goog-user-project=anveshaka-508520
[debug] [2026-09-14T12:27:12.260Z] >>> [apiv2][body] POST https://iam.googleapis.com/v1/projects/anveshaka-508520/serviceAccounts/firebase-app-hosting-compute@anveshaka-508520.iam.gserviceaccount.com:testIamPermissions {"permissions":["iam.serviceAccounts.actAs"]}
[debug] [2026-09-14T12:27:14.008Z] <<< [apiv2][status] POST https://iam.googleapis.com/v1/projects/anveshaka-508520/serviceAccounts/firebase-app-hosting-compute@anveshaka-508520.iam.gserviceaccount.com:testIamPermissions 200
[debug] [2026-09-14T12:27:14.008Z] <<< [apiv2][body] POST https://iam.googleapis.com/v1/projects/anveshaka-508520/serviceAccounts/firebase-app-hosting-compute@anveshaka-508520.iam.gserviceaccount.com:testIamPermissions {"permissions":["iam.serviceAccounts.actAs"]}
[debug] [2026-09-14T12:27:14.009Z] Checked if tokens are valid: true, expires at: 1789392429755
[debug] [2026-09-14T12:27:14.009Z] Checked if tokens are valid: true, expires at: 1789392429755
[debug] [2026-09-14T12:27:14.009Z] >>> [apiv2][query] GET https://iam.googleapis.com/v1/projects/anveshaka-508520/serviceAccounts/firebase-app-hosting-compute@anveshaka-508520.iam.gserviceaccount.com [none]
[debug] [2026-09-14T12:27:14.389Z] <<< [apiv2][status] GET https://iam.googleapis.com/v1/projects/anveshaka-508520/serviceAccounts/firebase-app-hosting-compute@anveshaka-508520.iam.gserviceaccount.com 200
[debug] [2026-09-14T12:27:14.390Z] <<< [apiv2][body] GET https://iam.googleapis.com/v1/projects/anveshaka-508520/serviceAccounts/firebase-app-hosting-compute@anveshaka-508520.iam.gserviceaccount.com {"name":"projects/anveshaka-508520/serviceAccounts/firebase-app-hosting-compute@anveshaka-508520.iam.gserviceaccount.com","projectId":"anveshaka-508520","uniqueId":"106221815881679345503","email":"firebase-app-hosting-compute@anveshaka-508520.iam.gserviceaccount.com","displayName":"Firebase App Hosting compute service account","etag":"MDEwMjE5MjA=","description":"Default service account used to run builds and deploys for Firebase App Hosting","oauth2ClientId":"106221815881679345503"}
[debug] [2026-09-14T12:27:14.391Z] Checked if tokens are valid: true, expires at: 1789392429755
[debug] [2026-09-14T12:27:14.391Z] Checked if tokens are valid: true, expires at: 1789392429755
[debug] [2026-09-14T12:27:14.392Z] >>> [apiv2][query] POST https://cloudresourcemanager.googleapis.com/v1/projects/anveshaka-508520:getIamPolicy [none]
[debug] [2026-09-14T12:27:14.862Z] <<< [apiv2][status] POST https://cloudresourcemanager.googleapis.com/v1/projects/anveshaka-508520:getIamPolicy 200
[debug] [2026-09-14T12:27:14.862Z] <<< [apiv2][body] POST https://cloudresourcemanager.googleapis.com/v1/projects/anveshaka-508520:getIamPolicy {"version":1,"etag":"BwZbY3jiBpM=","bindings":[{"role":"roles/artifactregistry.serviceAgent","members":["serviceAccount:service-920641027167@gcp-sa-artifactregistry.iam.gserviceaccount.com"]},{"role":"roles/cloudbuild.builds.builder","members":["serviceAccount:920641027167@cloudbuild.gserviceaccount.com"]},{"role":"roles/cloudbuild.serviceAgent","members":["serviceAccount:service-920641027167@gcp-sa-cloudbuild.iam.gserviceaccount.com"]},{"role":"roles/containerregistry.ServiceAgent","members":["serviceAccount:service-920641027167@containerregistry.iam.gserviceaccount.com"]},{"role":"roles/developerconnect.readTokenAccessor","members":["serviceAccount:firebase-app-hosting-compute@anveshaka-508520.iam.gserviceaccount.com"]},{"role":"roles/firebase.managementServiceAgent","members":["serviceAccount:service-920641027167@gcp-sa-firebase.iam.gserviceaccount.com"]},{"role":"roles/firebase.sdkAdminServiceAgent","members":["serviceAccount:firebase-adminsdk-fbsvc@anveshaka-508520.iam.gserviceaccount.com","serviceAccount:firebase-app-hosting-compute@anveshaka-508520.iam.gserviceaccount.com"]},{"role":"roles/firebaseapphosting.computeRunner","members":["serviceAccount:firebase-app-hosting-compute@anveshaka-508520.iam.gserviceaccount.com"]},{"role":"roles/firebaseapphosting.serviceAgent","members":["serviceAccount:service-920641027167@gcp-sa-firebaseapphosting.iam.gserviceaccount.com"]},{"role":"roles/iam.serviceAccountTokenCreator","members":["serviceAccount:firebase-adminsdk-fbsvc@anveshaka-508520.iam.gserviceaccount.com"]},{"role":"roles/owner","members":["user:adetyajamwal.18@gmail.com"]},{"role":"roles/run.serviceAgent","members":["serviceAccount:service-920641027167@serverless-robot-prod.iam.gserviceaccount.com"]},{"role":"roles/storage.objectViewer","members":["serviceAccount:firebase-app-hosting-compute@anveshaka-508520.iam.gserviceaccount.com"]}]}
[debug] [2026-09-14T12:27:14.863Z] Checked if tokens are valid: true, expires at: 1789392429755
[debug] [2026-09-14T12:27:14.864Z] Checked if tokens are valid: true, expires at: 1789392429755
[debug] [2026-09-14T12:27:14.864Z] >>> [apiv2][query] POST https://cloudresourcemanager.googleapis.com/v1/projects/anveshaka-508520:setIamPolicy [none]
[debug] [2026-09-14T12:27:14.864Z] >>> [apiv2][body] POST https://cloudresourcemanager.googleapis.com/v1/projects/anveshaka-508520:setIamPolicy {"policy":{"version":1,"etag":"BwZbY3jiBpM=","bindings":[{"role":"roles/artifactregistry.serviceAgent","members":["serviceAccount:service-920641027167@gcp-sa-artifactregistry.iam.gserviceaccount.com"]},{"role":"roles/cloudbuild.builds.builder","members":["serviceAccount:920641027167@cloudbuild.gserviceaccount.com"]},{"role":"roles/cloudbuild.serviceAgent","members":["serviceAccount:service-920641027167@gcp-sa-cloudbuild.iam.gserviceaccount.com"]},{"role":"roles/containerregistry.ServiceAgent","members":["serviceAccount:service-920641027167@containerregistry.iam.gserviceaccount.com"]},{"role":"roles/developerconnect.readTokenAccessor","members":["serviceAccount:firebase-app-hosting-compute@anveshaka-508520.iam.gserviceaccount.com"]},{"role":"roles/firebase.managementServiceAgent","members":["serviceAccount:service-920641027167@gcp-sa-firebase.iam.gserviceaccount.com"]},{"role":"roles/firebase.sdkAdminServiceAgent","members":["serviceAccount:firebase-adminsdk-fbsvc@anveshaka-508520.iam.gserviceaccount.com","serviceAccount:firebase-app-hosting-compute@anveshaka-508520.iam.gserviceaccount.com"]},{"role":"roles/firebaseapphosting.computeRunner","members":["serviceAccount:firebase-app-hosting-compute@anveshaka-508520.iam.gserviceaccount.com"]},{"role":"roles/firebaseapphosting.serviceAgent","members":["serviceAccount:service-920641027167@gcp-sa-firebaseapphosting.iam.gserviceaccount.com"]},{"role":"roles/iam.serviceAccountTokenCreator","members":["serviceAccount:firebase-adminsdk-fbsvc@anveshaka-508520.iam.gserviceaccount.com"]},{"role":"roles/owner","members":["user:adetyajamwal.18@gmail.com"]},{"role":"roles/run.serviceAgent","members":["serviceAccount:service-920641027167@serverless-robot-prod.iam.gserviceaccount.com"]},{"role":"roles/storage.objectViewer","members":["serviceAccount:firebase-app-hosting-compute@anveshaka-508520.iam.gserviceaccount.com"]}]},"updateMask":"bindings"}
[debug] [2026-09-14T12:27:16.573Z] <<< [apiv2][status] POST https://cloudresourcemanager.googleapis.com/v1/projects/anveshaka-508520:setIamPolicy 200
[debug] [2026-09-14T12:27:16.573Z] <<< [apiv2][body] POST https://cloudresourcemanager.googleapis.com/v1/projects/anveshaka-508520:setIamPolicy {"version":1,"etag":"BwZbcI4Bpmo=","bindings":[{"role":"roles/artifactregistry.serviceAgent","members":["serviceAccount:service-920641027167@gcp-sa-artifactregistry.iam.gserviceaccount.com"]},{"role":"roles/cloudbuild.builds.builder","members":["serviceAccount:920641027167@cloudbuild.gserviceaccount.com"]},{"role":"roles/cloudbuild.serviceAgent","members":["serviceAccount:service-920641027167@gcp-sa-cloudbuild.iam.gserviceaccount.com"]},{"role":"roles/containerregistry.ServiceAgent","members":["serviceAccount:service-920641027167@containerregistry.iam.gserviceaccount.com"]},{"role":"roles/developerconnect.readTokenAccessor","members":["serviceAccount:firebase-app-hosting-compute@anveshaka-508520.iam.gserviceaccount.com"]},{"role":"roles/firebase.managementServiceAgent","members":["serviceAccount:service-920641027167@gcp-sa-firebase.iam.gserviceaccount.com"]},{"role":"roles/firebase.sdkAdminServiceAgent","members":["serviceAccount:firebase-adminsdk-fbsvc@anveshaka-508520.iam.gserviceaccount.com","serviceAccount:firebase-app-hosting-compute@anveshaka-508520.iam.gserviceaccount.com"]},{"role":"roles/firebaseapphosting.computeRunner","members":["serviceAccount:firebase-app-hosting-compute@anveshaka-508520.iam.gserviceaccount.com"]},{"role":"roles/firebaseapphosting.serviceAgent","members":["serviceAccount:service-920641027167@gcp-sa-firebaseapphosting.iam.gserviceaccount.com"]},{"role":"roles/iam.serviceAccountTokenCreator","members":["serviceAccount:firebase-adminsdk-fbsvc@anveshaka-508520.iam.gserviceaccount.com"]},{"role":"roles/owner","members":["user:adetyajamwal.18@gmail.com"]},{"role":"roles/run.serviceAgent","members":["serviceAccount:service-920641027167@serverless-robot-prod.iam.gserviceaccount.com"]},{"role":"roles/storage.objectViewer","members":["serviceAccount:firebase-app-hosting-compute@anveshaka-508520.iam.gserviceaccount.com"]}]}
[debug] [2026-09-14T12:27:16.574Z] Checked if tokens are valid: true, expires at: 1789392429755
[debug] [2026-09-14T12:27:16.574Z] Checked if tokens are valid: true, expires at: 1789392429755
[debug] [2026-09-14T12:27:16.574Z] >>> [apiv2][query] GET https://firebaseapphosting.googleapis.com/v1beta/projects/anveshaka-508520/locations/-/backends 
[debug] [2026-09-14T12:27:18.482Z] <<< [apiv2][status] GET https://firebaseapphosting.googleapis.com/v1beta/projects/anveshaka-508520/locations/-/backends 200
[debug] [2026-09-14T12:27:18.482Z] <<< [apiv2][body] GET https://firebaseapphosting.googleapis.com/v1beta/projects/anveshaka-508520/locations/-/backends {"backends":[{"name":"projects/anveshaka-508520/locations/us-central1/backends/anveshaka-frontend","createTime":"2026-09-13T20:47:35.383262176Z","updateTime":"2026-09-13T20:53:40.709790Z","labels":{"deployment-tool":"cli-firebase"},"uri":"anveshaka-frontend--anveshaka-508520.us-central1.hosted.app","managedResources":[{"runService":{"service":"projects/920641027167/locations/us-central1/services/anveshaka-frontend"}}],"uid":"403c053c-6ed3-48ad-bf9c-486edbb7e894","etag":"EzNgK9fJHcruyEWNDQ5U329p7hxO-mvNzGvUR8F4JLI","reconciling":false,"servingLocality":"GLOBAL_ACCESS","serviceAccount":"firebase-app-hosting-compute@anveshaka-508520.iam.gserviceaccount.com","appId":"1:920641027167:web:a081958fbf33a39528afea","runtime":{"value":"nodejs22"}}]}
[info] i  apphosting: Found backend(s) anveshaka-frontend 
[debug] [2026-09-14T12:27:18.485Z] Checked if tokens are valid: true, expires at: 1789392429755
[debug] [2026-09-14T12:27:18.485Z] Checked if tokens are valid: true, expires at: 1789392429755
[debug] [2026-09-14T12:27:18.485Z] >>> [apiv2][query] GET https://cloudresourcemanager.googleapis.com/v1/projects/anveshaka-508520 [none]
[debug] [2026-09-14T12:27:18.890Z] <<< [apiv2][status] GET https://cloudresourcemanager.googleapis.com/v1/projects/anveshaka-508520 200
[debug] [2026-09-14T12:27:18.891Z] <<< [apiv2][body] GET https://cloudresourcemanager.googleapis.com/v1/projects/anveshaka-508520 {"projectNumber":"920641027167","projectId":"anveshaka-508520","lifecycleState":"ACTIVE","name":"Anveshaka","labels":{"firebase":"enabled","firebase-core":"disabled"},"createTime":"2026-09-13T20:32:39.853Z","parent":{"type":"organization","id":"1084202205698"}}
[debug] [2026-09-14T12:27:18.892Z] Checked if tokens are valid: true, expires at: 1789392429755
[debug] [2026-09-14T12:27:18.892Z] Checked if tokens are valid: true, expires at: 1789392429755
[debug] [2026-09-14T12:27:18.893Z] >>> [apiv2][query] GET https://storage.googleapis.com/storage/v1/b?project=anveshaka-508520 
[debug] [2026-09-14T12:27:19.949Z] <<< [apiv2][status] GET https://storage.googleapis.com/storage/v1/b?project=anveshaka-508520 200
[debug] [2026-09-14T12:27:19.950Z] <<< [apiv2][body] GET https://storage.googleapis.com/storage/v1/b?project=anveshaka-508520 {"kind":"storage#buckets","items":[{"kind":"storage#bucket","selfLink":"https://www.googleapis.com/storage/v1/b/firebaseapphosting-sources-920641027167-us-central1","id":"firebaseapphosting-sources-920641027167-us-central1","name":"firebaseapphosting-sources-920641027167-us-central1","projectNumber":"920641027167","generation":"1789332639335827732","metageneration":"1","location":"US-CENTRAL1","storageClass":"STANDARD","etag":"CAE=","timeCreated":"2026-09-13T20:50:39.459Z","updated":"2026-09-13T20:50:39.459Z","lifecycle":{"rule":[{"action":{"type":"Delete"},"condition":{"age":30}}]},"labels":{"apphosting-source-us-central1":"true"},"softDeletePolicy":{"retentionDurationSeconds":"604800","effectiveTime":"2026-09-13T20:50:39.459Z"},"iamConfiguration":{"bucketPolicyOnly":{"enabled":true,"lockedTime":"2026-12-12T20:50:39.459Z"},"uniformBucketLevelAccess":{"enabled":true,"lockedTime":"2026-12-12T20:50:39.459Z"},"publicAccessPrevention":"inherited"},"locationType":"region","satisfiesPZI":true}]}
[info] i  apphosting: Zipped source for backend anveshaka-frontend 
[info] i  apphosting: Uploading source for backend anveshaka-frontend... 
[debug] [2026-09-14T12:27:20.477Z] Checked if tokens are valid: true, expires at: 1789392429755
[debug] [2026-09-14T12:27:20.477Z] Checked if tokens are valid: true, expires at: 1789392429755
[debug] [2026-09-14T12:27:20.477Z] >>> [apiv2][query] PUT https://storage.googleapis.com/firebaseapphosting-sources-920641027167-us-central1/anveshaka-frontend--17744-6p3WLuvojsF8-.zip [none]
[debug] [2026-09-14T12:27:20.477Z] >>> [apiv2][body] PUT https://storage.googleapis.com/firebaseapphosting-sources-920641027167-us-central1/anveshaka-frontend--17744-6p3WLuvojsF8-.zip [stream]
[debug] [2026-09-14T12:27:22.324Z] <<< [apiv2][status] PUT https://storage.googleapis.com/firebaseapphosting-sources-920641027167-us-central1/anveshaka-frontend--17744-6p3WLuvojsF8-.zip 200
[debug] [2026-09-14T12:27:22.324Z] <<< [apiv2][body] PUT https://storage.googleapis.com/firebaseapphosting-sources-920641027167-us-central1/anveshaka-frontend--17744-6p3WLuvojsF8-.zip undefined
[info] i  apphosting: Uploaded at gs://firebaseapphosting-sources-920641027167-us-central1/anveshaka-frontend--17744-6p3WLuvojsF8-.zip 
[debug] [2026-09-14T12:27:22.327Z] Checked if tokens are valid: true, expires at: 1789392429755
[debug] [2026-09-14T12:27:22.328Z] Checked if tokens are valid: true, expires at: 1789392429755
[debug] [2026-09-14T12:27:22.328Z] Checked if tokens are valid: true, expires at: 1789392429755
[debug] [2026-09-14T12:27:22.328Z] Checked if tokens are valid: true, expires at: 1789392429755
[info] i  apphosting: You may also track the rollout(s) at:
	https://console.firebase.google.com/project/anveshaka-508520/apphosting 
[debug] [2026-09-14T12:27:22.335Z] >>> [apiv2][query] GET https://firebaseapphosting.googleapis.com/v1beta/projects/anveshaka-508520/locations/us-central1/backends/anveshaka-frontend/rollouts 
[debug] [2026-09-14T12:27:22.336Z] >>> [apiv2][query] GET https://firebaseapphosting.googleapis.com/v1beta/projects/anveshaka-508520/locations/us-central1/backends/anveshaka-frontend/builds 
[debug] [2026-09-14T12:27:23.810Z] <<< [apiv2][status] GET https://firebaseapphosting.googleapis.com/v1beta/projects/anveshaka-508520/locations/us-central1/backends/anveshaka-frontend/builds 200
[debug] [2026-09-14T12:27:23.810Z] <<< [apiv2][body] GET https://firebaseapphosting.googleapis.com/v1beta/projects/anveshaka-508520/locations/us-central1/backends/anveshaka-frontend/builds {"builds":[{"name":"projects/anveshaka-508520/locations/us-central1/backends/anveshaka-frontend/builds/build-2026-09-13-001","state":"READY","image":"us-central1-docker.pkg.dev/anveshaka-508520/firebaseapphosting-images/anveshaka-frontend:build-2026-09-13-001","config":{"runConfig":{},"env":[{"variable":"BACKEND_URL","value":"https://anveshaka-backend-799158741877.us-central1.run.app","availability":["BUILD","RUNTIME"]},{"variable":"FIREBASE_CONFIG","value":"{\"databaseURL\":\"\",\"projectId\":\"anveshaka-508520\",\"storageBucket\":\"anveshaka-508520.firebasestorage.app\"}","availability":["BUILD","RUNTIME"]},{"variable":"FIREBASE_WEBAPP_CONFIG","value":"{\"apiKey\":\"AIzaSyBU7qatkVQrYI7ES1VNDR7AaG_b_T93Rg4\",\"appId\":\"1:920641027167:web:a081958fbf33a39528afea\",\"authDomain\":\"anveshaka-508520.firebaseapp.com\",\"databaseURL\":\"\",\"messagingSenderId\":\"920641027167\",\"projectId\":\"anveshaka-508520\",\"storageBucket\":\"anveshaka-508520.firebasestorage.app\"}","availability":["BUILD"]},{"variable":"NG_TRUST_PROXY_HEADERS","value":"X-Forwarded-Host","availability":["RUNTIME"]},{"variable":"NG_ALLOWED_HOSTS","value":"anveshaka-frontend-920641027167.us-central1.run.app,anveshaka-frontend--anveshaka-508520.us-central1.hosted.app","availability":["RUNTIME"]}],"effectiveEnv":[{"variable":"BACKEND_URL","value":"https://anveshaka-backend-799158741877.us-central1.run.app","availability":["BUILD","RUNTIME"],"origin":"APPHOSTING_YAML","originFileName":"apphosting.yaml"},{"variable":"FIREBASE_CONFIG","value":"{\"databaseURL\":\"\",\"projectId\":\"anveshaka-508520\",\"storageBucket\":\"anveshaka-508520.firebasestorage.app\"}","availability":["BUILD","RUNTIME"],"origin":"FIREBASE_SYSTEM"},{"variable":"FIREBASE_WEBAPP_CONFIG","value":"{\"apiKey\":\"AIzaSyBU7qatkVQrYI7ES1VNDR7AaG_b_T93Rg4\",\"appId\":\"1:920641027167:web:a081958fbf33a39528afea\",\"authDomain\":\"anveshaka-508520.firebaseapp.com\",\"databaseURL\":\"\",\"messagingSenderId\":\"920641027167\",\"projectId\":\"anveshaka-508520\",\"storageBucket\":\"anveshaka-508520.firebasestorage.app\"}","availability":["BUILD"],"origin":"FIREBASE_SYSTEM"},{"variable":"NG_TRUST_PROXY_HEADERS","value":"X-Forwarded-Host","availability":["RUNTIME"],"origin":"FIREBASE_SYSTEM"},{"variable":"NG_ALLOWED_HOSTS","value":"anveshaka-frontend-920641027167.us-central1.run.app,anveshaka-frontend--anveshaka-508520.us-central1.hosted.app","availability":["RUNTIME"],"origin":"FIREBASE_SYSTEM"}]},"source":{"archive":{"rootDirectory":"/","userStorageUri":"gs://firebaseapphosting-sources-920641027167-us-central1/anveshaka-frontend--20124-WlcMJ7NVK19p-.zip"}},"buildLogsUri":"https://console.cloud.google.com/cloud-build/builds;region=us-central1/a56eb37d-b751-419b-9d8d-13d57fa1d7e1?project=920641027167","createTime":"2026-09-13T20:50:45.699733270Z","updateTime":"2026-09-13T20:53:37.861040Z","labels":{"deployment-tool":"cli-firebase"},"uid":"e1951cf3-5cef-4137-8318-e694e6fdb2c5","etag":"PfwfwiR88gmzX1Qg4cpSoUxUN0-18Go8m9FKqBddBvg","reconciling":false}]}
[debug] [2026-09-14T12:27:23.853Z] <<< [apiv2][status] GET https://firebaseapphosting.googleapis.com/v1beta/projects/anveshaka-508520/locations/us-central1/backends/anveshaka-frontend/rollouts 200
[debug] [2026-09-14T12:27:23.853Z] <<< [apiv2][body] GET https://firebaseapphosting.googleapis.com/v1beta/projects/anveshaka-508520/locations/us-central1/backends/anveshaka-frontend/rollouts {"rollouts":[{"name":"projects/anveshaka-508520/locations/us-central1/backends/anveshaka-frontend/rollouts/build-2026-09-13-001","createTime":"2026-09-13T20:50:48.454225600Z","updateTime":"2026-09-13T20:53:41.039454Z","state":"SUCCEEDED","build":"projects/anveshaka-508520/locations/us-central1/backends/anveshaka-frontend/builds/build-2026-09-13-001","labels":{"deployment-tool":"cli-firebase"},"uid":"3da4b87d-47a0-4293-8118-6ab7f4cd6373","etag":"ShySjuRwZzhP8GhQk9DRpfgyTFjyJXvaI9_GnMOXMNI","reconciling":false}]}
[debug] [2026-09-14T12:27:23.854Z] Checked if tokens are valid: true, expires at: 1789392429755
[debug] [2026-09-14T12:27:23.854Z] Checked if tokens are valid: true, expires at: 1789392429755
[debug] [2026-09-14T12:27:23.855Z] >>> [apiv2][query] POST https://firebaseapphosting.googleapis.com/v1beta/projects/anveshaka-508520/locations/us-central1/backends/anveshaka-frontend/builds buildId=build-2026-09-14-001
[debug] [2026-09-14T12:27:23.855Z] >>> [apiv2][body] POST https://firebaseapphosting.googleapis.com/v1beta/projects/anveshaka-508520/locations/us-central1/backends/anveshaka-frontend/builds {"source":{"archive":{"userStorageUri":"gs://firebaseapphosting-sources-920641027167-us-central1/anveshaka-frontend--17744-6p3WLuvojsF8-.zip","rootDirectory":"/"}},"labels":{"deployment-tool":"cli-firebase"}}
[debug] [2026-09-14T12:27:25.399Z] <<< [apiv2][status] POST https://firebaseapphosting.googleapis.com/v1beta/projects/anveshaka-508520/locations/us-central1/backends/anveshaka-frontend/builds 200
[debug] [2026-09-14T12:27:25.399Z] <<< [apiv2][body] POST https://firebaseapphosting.googleapis.com/v1beta/projects/anveshaka-508520/locations/us-central1/backends/anveshaka-frontend/builds {"name":"projects/anveshaka-508520/locations/us-central1/operations/operation-1789388845974-65b708e8784d1-3c6fbd36-586b22b6","metadata":{"@type":"type.googleapis.com/google.firebase.apphosting.v1beta.OperationMetadata","createTime":"2026-09-14T12:27:26.033105604Z","target":"projects/anveshaka-508520/locations/us-central1/backends/anveshaka-frontend/builds/build-2026-09-14-001","verb":"create","requestedCancellation":false,"apiVersion":"v1beta"},"done":false}
[debug] [2026-09-14T12:27:25.399Z] Checked if tokens are valid: true, expires at: 1789392429755
[debug] [2026-09-14T12:27:25.399Z] Checked if tokens are valid: true, expires at: 1789392429755
[debug] [2026-09-14T12:27:25.400Z] >>> [apiv2][query] POST https://firebaseapphosting.googleapis.com/v1beta/projects/anveshaka-508520/locations/us-central1/backends/anveshaka-frontend/rollouts rolloutId=build-2026-09-14-001&validateOnly=true
[debug] [2026-09-14T12:27:25.400Z] >>> [apiv2][body] POST https://firebaseapphosting.googleapis.com/v1beta/projects/anveshaka-508520/locations/us-central1/backends/anveshaka-frontend/rollouts {"build":"projects/anveshaka-508520/locations/us-central1/backends/anveshaka-frontend/builds/build-2026-09-14-001","labels":{"deployment-tool":"cli-firebase"}}
[debug] [2026-09-14T12:27:26.827Z] <<< [apiv2][status] POST https://firebaseapphosting.googleapis.com/v1beta/projects/anveshaka-508520/locations/us-central1/backends/anveshaka-frontend/rollouts 200
[debug] [2026-09-14T12:27:26.827Z] <<< [apiv2][body] POST https://firebaseapphosting.googleapis.com/v1beta/projects/anveshaka-508520/locations/us-central1/backends/anveshaka-frontend/rollouts {"name":"","metadata":{},"done":true}
[debug] [2026-09-14T12:27:26.827Z] Checked if tokens are valid: true, expires at: 1789392429755
[debug] [2026-09-14T12:27:26.827Z] Checked if tokens are valid: true, expires at: 1789392429755
[debug] [2026-09-14T12:27:26.828Z] >>> [apiv2][query] POST https://firebaseapphosting.googleapis.com/v1beta/projects/anveshaka-508520/locations/us-central1/backends/anveshaka-frontend/rollouts rolloutId=build-2026-09-14-001&validateOnly=false
[debug] [2026-09-14T12:27:26.828Z] >>> [apiv2][body] POST https://firebaseapphosting.googleapis.com/v1beta/projects/anveshaka-508520/locations/us-central1/backends/anveshaka-frontend/rollouts {"build":"projects/anveshaka-508520/locations/us-central1/backends/anveshaka-frontend/builds/build-2026-09-14-001","labels":{"deployment-tool":"cli-firebase"}}
[debug] [2026-09-14T12:27:28.260Z] <<< [apiv2][status] POST https://firebaseapphosting.googleapis.com/v1beta/projects/anveshaka-508520/locations/us-central1/backends/anveshaka-frontend/rollouts 200
[debug] [2026-09-14T12:27:28.260Z] <<< [apiv2][body] POST https://firebaseapphosting.googleapis.com/v1beta/projects/anveshaka-508520/locations/us-central1/backends/anveshaka-frontend/rollouts {"name":"projects/anveshaka-508520/locations/us-central1/operations/operation-1789388848864-65b708eb39bd3-337566a0-cd99a744","metadata":{"@type":"type.googleapis.com/google.firebase.apphosting.v1beta.OperationMetadata","createTime":"2026-09-14T12:27:28.886408100Z","target":"projects/anveshaka-508520/locations/us-central1/backends/anveshaka-frontend/rollouts/build-2026-09-14-001","verb":"create","requestedCancellation":false,"apiVersion":"v1beta"},"done":false}
[debug] [2026-09-14T12:27:28.261Z] Checked if tokens are valid: true, expires at: 1789392429755
[debug] [2026-09-14T12:27:28.261Z] Checked if tokens are valid: true, expires at: 1789392429755
[debug] [2026-09-14T12:27:28.261Z] Checked if tokens are valid: true, expires at: 1789392429755
[debug] [2026-09-14T12:27:28.261Z] Checked if tokens are valid: true, expires at: 1789392429755
[debug] [2026-09-14T12:27:28.261Z] >>> [apiv2][query] GET https://firebaseapphosting.googleapis.com/v1beta/projects/anveshaka-508520/locations/us-central1/operations/operation-1789388848864-65b708eb39bd3-337566a0-cd99a744 [none]
[debug] [2026-09-14T12:27:28.262Z] >>> [apiv2][query] GET https://firebaseapphosting.googleapis.com/v1beta/projects/anveshaka-508520/locations/us-central1/operations/operation-1789388845974-65b708e8784d1-3c6fbd36-586b22b6 [none]
[debug] [2026-09-14T12:27:29.684Z] <<< [apiv2][status] GET https://firebaseapphosting.googleapis.com/v1beta/projects/anveshaka-508520/locations/us-central1/operations/operation-1789388848864-65b708eb39bd3-337566a0-cd99a744 200
[debug] [2026-09-14T12:27:29.684Z] <<< [apiv2][body] GET https://firebaseapphosting.googleapis.com/v1beta/projects/anveshaka-508520/locations/us-central1/operations/operation-1789388848864-65b708eb39bd3-337566a0-cd99a744 {"name":"projects/anveshaka-508520/locations/us-central1/operations/operation-1789388848864-65b708eb39bd3-337566a0-cd99a744","metadata":{"@type":"type.googleapis.com/google.firebase.apphosting.v1beta.OperationMetadata","createTime":"2026-09-14T12:27:28.886408100Z","endTime":"2026-09-14T12:27:28.936552178Z","target":"projects/anveshaka-508520/locations/us-central1/backends/anveshaka-frontend/rollouts/build-2026-09-14-001","verb":"create","requestedCancellation":false,"apiVersion":"v1beta"},"done":true,"response":{"@type":"type.googleapis.com/google.firebase.apphosting.v1beta.Rollout","name":"projects/anveshaka-508520/locations/us-central1/backends/anveshaka-frontend/rollouts/build-2026-09-14-001","createTime":"2026-09-14T12:27:28.873275821Z","updateTime":"2026-09-14T12:27:28.933586Z","state":"QUEUED","build":"projects/anveshaka-508520/locations/us-central1/backends/anveshaka-frontend/builds/build-2026-09-14-001","labels":{"deployment-tool":"cli-firebase"},"uid":"6a16a1f3-1ec1-4e1a-8663-8bebe2dddb08","etag":"T4ZNW9R50cQZJSSjMGbOA65cbG2zSjftB9i7fuuBIcg","reconciling":false}}
[debug] [2026-09-14T12:27:29.742Z] <<< [apiv2][status] GET https://firebaseapphosting.googleapis.com/v1beta/projects/anveshaka-508520/locations/us-central1/operations/operation-1789388845974-65b708e8784d1-3c6fbd36-586b22b6 200
[debug] [2026-09-14T12:27:29.742Z] <<< [apiv2][body] GET https://firebaseapphosting.googleapis.com/v1beta/projects/anveshaka-508520/locations/us-central1/operations/operation-1789388845974-65b708e8784d1-3c6fbd36-586b22b6 {"name":"projects/anveshaka-508520/locations/us-central1/operations/operation-1789388845974-65b708e8784d1-3c6fbd36-586b22b6","metadata":{"@type":"type.googleapis.com/google.firebase.apphosting.v1beta.OperationMetadata","createTime":"2026-09-14T12:27:26.033105604Z","target":"projects/anveshaka-508520/locations/us-central1/backends/anveshaka-frontend/builds/build-2026-09-14-001","verb":"create","requestedCancellation":false,"apiVersion":"v1beta"},"done":false}
[debug] [2026-09-14T12:27:30.248Z] [create-anveshaka-508520-us-central1-backend-anveshaka-frontend-build-build-2026-09-14-001] Retrying task index 0
[debug] [2026-09-14T12:27:30.249Z] Checked if tokens are valid: true, expires at: 1789392429755
[debug] [2026-09-14T12:27:30.249Z] Checked if tokens are valid: true, expires at: 1789392429755
[debug] [2026-09-14T12:27:30.249Z] >>> [apiv2][query] GET https://firebaseapphosting.googleapis.com/v1beta/projects/anveshaka-508520/locations/us-central1/operations/operation-1789388845974-65b708e8784d1-3c6fbd36-586b22b6 [none]
[debug] [2026-09-14T12:27:31.647Z] <<< [apiv2][status] GET https://firebaseapphosting.googleapis.com/v1beta/projects/anveshaka-508520/locations/us-central1/operations/operation-1789388845974-65b708e8784d1-3c6fbd36-586b22b6 200
[debug] [2026-09-14T12:27:31.647Z] <<< [apiv2][body] GET https://firebaseapphosting.googleapis.com/v1beta/projects/anveshaka-508520/locations/us-central1/operations/operation-1789388845974-65b708e8784d1-3c6fbd36-586b22b6 {"name":"projects/anveshaka-508520/locations/us-central1/operations/operation-1789388845974-65b708e8784d1-3c6fbd36-586b22b6","metadata":{"@type":"type.googleapis.com/google.firebase.apphosting.v1beta.OperationMetadata","createTime":"2026-09-14T12:27:26.033105604Z","target":"projects/anveshaka-508520/locations/us-central1/backends/anveshaka-frontend/builds/build-2026-09-14-001","verb":"create","requestedCancellation":false,"apiVersion":"v1beta"},"done":false}
[debug] [2026-09-14T12:27:32.657Z] [create-anveshaka-508520-us-central1-backend-anveshaka-frontend-build-build-2026-09-14-001] Retrying task index 0
[debug] [2026-09-14T12:27:32.657Z] Checked if tokens are valid: true, expires at: 1789392429755
[debug] [2026-09-14T12:27:32.658Z] Checked if tokens are valid: true, expires at: 1789392429755
[debug] [2026-09-14T12:27:32.658Z] >>> [apiv2][query] GET https://firebaseapphosting.googleapis.com/v1beta/projects/anveshaka-508520/locations/us-central1/operations/operation-1789388845974-65b708e8784d1-3c6fbd36-586b22b6 [none]
[debug] [2026-09-14T12:27:34.155Z] <<< [apiv2][status] GET https://firebaseapphosting.googleapis.com/v1beta/projects/anveshaka-508520/locations/us-central1/operations/operation-1789388845974-65b708e8784d1-3c6fbd36-586b22b6 200
[debug] [2026-09-14T12:27:34.155Z] <<< [apiv2][body] GET https://firebaseapphosting.googleapis.com/v1beta/projects/anveshaka-508520/locations/us-central1/operations/operation-1789388845974-65b708e8784d1-3c6fbd36-586b22b6 {"name":"projects/anveshaka-508520/locations/us-central1/operations/operation-1789388845974-65b708e8784d1-3c6fbd36-586b22b6","metadata":{"@type":"type.googleapis.com/google.firebase.apphosting.v1beta.OperationMetadata","createTime":"2026-09-14T12:27:26.033105604Z","target":"projects/anveshaka-508520/locations/us-central1/backends/anveshaka-frontend/builds/build-2026-09-14-001","verb":"create","requestedCancellation":false,"apiVersion":"v1beta"},"done":false}
